
===========================================================================
 report_power
============================================================================
======================= nom_tt_025C_5v00 Corner ===================================

Group                    Internal    Switching      Leakage        Total
                            Power        Power        Power        Power (Watts)
------------------------------------------------------------------------
Sequential           5.186117e-04 7.683251e-05 4.626514e-08 5.954905e-04  37.3%
Combinational        2.288492e-04 2.846006e-04 4.971369e-08 5.134995e-04  32.2%
Clock                3.424635e-04 1.430686e-04 7.731640e-08 4.856094e-04  30.5%
Macro                0.000000e+00 0.000000e+00 0.000000e+00 0.000000e+00   0.0%
Pad                  0.000000e+00 0.000000e+00 0.000000e+00 0.000000e+00   0.0%
------------------------------------------------------------------------
Total                1.089925e-03 5.045020e-04 1.732954e-07 1.594601e-03 100.0%
                            68.4%        31.6%         0.0%

