Clock: clk
Sources: clk 
Generated: no
Virtual: yes
Propagated: no
Period: 100.000000

===========================================================================
report_clock_properties
============================================================================
Clock                   Period          Waveform
----------------------------------------------------
clk                 100.000000    0.000000 50.000000

===========================================================================
report_clock_latency
============================================================================
Clock clk
rise -> rise
    min     max
0.000000 0.000000 source latency
0.485462         network latency _774_/CLK
        23.194553 network latency _736_/CLK
---------------
0.485462 23.194553 latency
        22.709091 skew

rise -> fall
    min     max
0.000000 0.000000 source latency
21.510466         network latency _756_/CLK
        23.477060 network latency _736_/CLK
---------------
21.510466 23.477060 latency
        1.966596 skew

fall -> fall
    min     max
0.000000 0.000000 source latency
0.452012         network latency _774_/CLK
        0.458439 network latency _695_/CLK
---------------
0.452012 0.458439 latency
        0.006427 skew



===========================================================================
report_clock_min_period
============================================================================
clk period_min = 5.70 fmax = 175.34
