
===========================================================================
 report_power
============================================================================
======================= max_ff_n40C_5v50 Corner ===================================

Group                    Internal    Switching      Leakage        Total
                            Power        Power        Power        Power (Watts)
------------------------------------------------------------------------
Sequential           6.438498e-04 9.545602e-05 5.574649e-08 7.393616e-04  36.8%
Combinational        2.973530e-04 3.521723e-04 6.012683e-08 6.495855e-04  32.3%
Clock                4.421542e-04 1.783880e-04 9.347706e-08 6.206356e-04  30.9%
Macro                0.000000e+00 0.000000e+00 0.000000e+00 0.000000e+00   0.0%
Pad                  0.000000e+00 0.000000e+00 0.000000e+00 0.000000e+00   0.0%
------------------------------------------------------------------------
Total                1.383357e-03 6.260163e-04 2.093503e-07 2.009583e-03 100.0%
                            68.8%        31.2%         0.0%

