
===========================================================================
 report_power
============================================================================
======================= nom_tt_025C_5v00 Corner ===================================

Group                    Internal    Switching      Leakage        Total
                            Power        Power        Power        Power (Watts)
------------------------------------------------------------------------
Sequential           5.501913e-04 1.250983e-04 4.626514e-08 6.753359e-04  67.0%
Combinational        1.917302e-04 1.406093e-04 4.024620e-08 3.323798e-04  33.0%
Clock                0.000000e+00 0.000000e+00 0.000000e+00 0.000000e+00   0.0%
Macro                0.000000e+00 0.000000e+00 0.000000e+00 0.000000e+00   0.0%
Pad                  0.000000e+00 0.000000e+00 0.000000e+00 0.000000e+00   0.0%
------------------------------------------------------------------------
Total                7.419212e-04 2.657075e-04 8.651130e-08 1.007715e-03 100.0%
                            73.6%        26.4%         0.0%

