
21. Executing CHECK pass (checking for obvious problems).
Checking module digital_wrapper...
Checking module $paramod\digital_cal\N=s32'00000000000000000000000000001010...
Checking module $paramod\spi_slave\N=s32'00000000000000000000000000001010...
Warning: multiple conflicting drivers for $paramod\spi_slave\N=s32'00000000000000000000000000001010.\shift_reg [9]:
    port Q[9] of cell $procdff$329 ($dff)
    port Q[9] of cell $procdff$326 ($dff)
Warning: multiple conflicting drivers for $paramod\spi_slave\N=s32'00000000000000000000000000001010.\shift_reg [8]:
    port Q[8] of cell $procdff$329 ($dff)
    port Q[8] of cell $procdff$326 ($dff)
Warning: multiple conflicting drivers for $paramod\spi_slave\N=s32'00000000000000000000000000001010.\shift_reg [7]:
    port Q[7] of cell $procdff$329 ($dff)
    port Q[7] of cell $procdff$326 ($dff)
Warning: multiple conflicting drivers for $paramod\spi_slave\N=s32'00000000000000000000000000001010.\shift_reg [6]:
    port Q[6] of cell $procdff$329 ($dff)
    port Q[6] of cell $procdff$326 ($dff)
Warning: multiple conflicting drivers for $paramod\spi_slave\N=s32'00000000000000000000000000001010.\shift_reg [5]:
    port Q[5] of cell $procdff$329 ($dff)
    port Q[5] of cell $procdff$326 ($dff)
Warning: multiple conflicting drivers for $paramod\spi_slave\N=s32'00000000000000000000000000001010.\shift_reg [4]:
    port Q[4] of cell $procdff$329 ($dff)
    port Q[4] of cell $procdff$326 ($dff)
Warning: multiple conflicting drivers for $paramod\spi_slave\N=s32'00000000000000000000000000001010.\shift_reg [3]:
    port Q[3] of cell $procdff$329 ($dff)
    port Q[3] of cell $procdff$326 ($dff)
Warning: multiple conflicting drivers for $paramod\spi_slave\N=s32'00000000000000000000000000001010.\shift_reg [2]:
    port Q[2] of cell $procdff$329 ($dff)
    port Q[2] of cell $procdff$326 ($dff)
Warning: multiple conflicting drivers for $paramod\spi_slave\N=s32'00000000000000000000000000001010.\shift_reg [1]:
    port Q[1] of cell $procdff$329 ($dff)
    port Q[1] of cell $procdff$326 ($dff)
Warning: multiple conflicting drivers for $paramod\spi_slave\N=s32'00000000000000000000000000001010.\shift_reg [0]:
    port Q[0] of cell $procdff$329 ($dff)
    port Q[0] of cell $procdff$326 ($dff)
Warning: multiple conflicting drivers for $paramod\spi_slave\N=s32'00000000000000000000000000001010.\bit_cnt [7]:
    port Q[7] of cell $procdff$330 ($dff)
    port Q[7] of cell $procdff$327 ($dff)
Warning: multiple conflicting drivers for $paramod\spi_slave\N=s32'00000000000000000000000000001010.\bit_cnt [6]:
    port Q[6] of cell $procdff$330 ($dff)
    port Q[6] of cell $procdff$327 ($dff)
Warning: multiple conflicting drivers for $paramod\spi_slave\N=s32'00000000000000000000000000001010.\bit_cnt [5]:
    port Q[5] of cell $procdff$330 ($dff)
    port Q[5] of cell $procdff$327 ($dff)
Warning: multiple conflicting drivers for $paramod\spi_slave\N=s32'00000000000000000000000000001010.\bit_cnt [4]:
    port Q[4] of cell $procdff$330 ($dff)
    port Q[4] of cell $procdff$327 ($dff)
Warning: multiple conflicting drivers for $paramod\spi_slave\N=s32'00000000000000000000000000001010.\bit_cnt [3]:
    port Q[3] of cell $procdff$330 ($dff)
    port Q[3] of cell $procdff$327 ($dff)
Warning: multiple conflicting drivers for $paramod\spi_slave\N=s32'00000000000000000000000000001010.\bit_cnt [2]:
    port Q[2] of cell $procdff$330 ($dff)
    port Q[2] of cell $procdff$327 ($dff)
Warning: multiple conflicting drivers for $paramod\spi_slave\N=s32'00000000000000000000000000001010.\bit_cnt [1]:
    port Q[1] of cell $procdff$330 ($dff)
    port Q[1] of cell $procdff$327 ($dff)
Warning: multiple conflicting drivers for $paramod\spi_slave\N=s32'00000000000000000000000000001010.\bit_cnt [0]:
    port Q[0] of cell $procdff$330 ($dff)
    port Q[0] of cell $procdff$327 ($dff)
Warning: multiple conflicting drivers for $paramod\spi_slave\N=s32'00000000000000000000000000001010.\done:
    port Q[0] of cell $procdff$331 ($dff)
    port Q[0] of cell $procdff$328 ($dff)
Checking module $paramod\sar_logic\N=s32'00000000000000000000000000001010\INVERT_COMP=1'0...
Warning: Wire $paramod\sar_logic\N=s32'00000000000000000000000000001010\INVERT_COMP=1'0.$bitselwrite$pos$/foss/designs/xschem/SAR_ADC/src/sar_fsm/sar_fsm.v:102$18 [3] is used but has no driver.
Warning: Wire $paramod\sar_logic\N=s32'00000000000000000000000000001010\INVERT_COMP=1'0.$bitselwrite$pos$/foss/designs/xschem/SAR_ADC/src/sar_fsm/sar_fsm.v:102$18 [2] is used but has no driver.
Warning: Wire $paramod\sar_logic\N=s32'00000000000000000000000000001010\INVERT_COMP=1'0.$bitselwrite$pos$/foss/designs/xschem/SAR_ADC/src/sar_fsm/sar_fsm.v:102$18 [1] is used but has no driver.
Warning: Wire $paramod\sar_logic\N=s32'00000000000000000000000000001010\INVERT_COMP=1'0.$bitselwrite$pos$/foss/designs/xschem/SAR_ADC/src/sar_fsm/sar_fsm.v:102$18 [0] is used but has no driver.
Warning: Wire $paramod\sar_logic\N=s32'00000000000000000000000000001010\INVERT_COMP=1'0.$bitselwrite$pos$/foss/designs/xschem/SAR_ADC/src/sar_fsm/sar_fsm.v:101$17 [3] is used but has no driver.
Warning: Wire $paramod\sar_logic\N=s32'00000000000000000000000000001010\INVERT_COMP=1'0.$bitselwrite$pos$/foss/designs/xschem/SAR_ADC/src/sar_fsm/sar_fsm.v:101$17 [2] is used but has no driver.
Warning: Wire $paramod\sar_logic\N=s32'00000000000000000000000000001010\INVERT_COMP=1'0.$bitselwrite$pos$/foss/designs/xschem/SAR_ADC/src/sar_fsm/sar_fsm.v:101$17 [1] is used but has no driver.
Warning: Wire $paramod\sar_logic\N=s32'00000000000000000000000000001010\INVERT_COMP=1'0.$bitselwrite$pos$/foss/designs/xschem/SAR_ADC/src/sar_fsm/sar_fsm.v:101$17 [0] is used but has no driver.
Warning: Wire $paramod\sar_logic\N=s32'00000000000000000000000000001010\INVERT_COMP=1'0.$bitselwrite$pos$/foss/designs/xschem/SAR_ADC/src/sar_fsm/sar_fsm.v:97$16 [3] is used but has no driver.
Warning: Wire $paramod\sar_logic\N=s32'00000000000000000000000000001010\INVERT_COMP=1'0.$bitselwrite$pos$/foss/designs/xschem/SAR_ADC/src/sar_fsm/sar_fsm.v:97$16 [2] is used but has no driver.
Warning: Wire $paramod\sar_logic\N=s32'00000000000000000000000000001010\INVERT_COMP=1'0.$bitselwrite$pos$/foss/designs/xschem/SAR_ADC/src/sar_fsm/sar_fsm.v:97$16 [1] is used but has no driver.
Warning: Wire $paramod\sar_logic\N=s32'00000000000000000000000000001010\INVERT_COMP=1'0.$bitselwrite$pos$/foss/designs/xschem/SAR_ADC/src/sar_fsm/sar_fsm.v:97$16 [0] is used but has no driver.
Found and reported 31 problems.
