
===========================================================================
 report_power
============================================================================
======================= nom_tt_025C_5v00 Corner ===================================

Group                    Internal    Switching      Leakage        Total
                            Power        Power        Power        Power (Watts)
------------------------------------------------------------------------
Sequential           5.169048e-04 6.545765e-05 4.626514e-08 5.824087e-04  38.2%
Combinational        2.219199e-04 2.519094e-04 4.950660e-08 4.738788e-04  31.1%
Clock                3.422802e-04 1.258456e-04 2.216336e-08 4.681480e-04  30.7%
Macro                0.000000e+00 0.000000e+00 0.000000e+00 0.000000e+00   0.0%
Pad                  0.000000e+00 0.000000e+00 0.000000e+00 0.000000e+00   0.0%
------------------------------------------------------------------------
Total                1.081105e-03 4.432129e-04 1.179352e-07 1.524436e-03 100.0%
                            70.9%        29.1%         0.0%
Writing metric power__internal__total: 0.0010811048559844494
Writing metric power__switching__total: 0.0004432128625921905
Writing metric power__leakage__total: 1.1793524379299924e-7
Writing metric power__total: 0.0015244357055053115

