
21. Executing CHECK pass (checking for obvious problems).
Checking module digital_wrapper...
Checking module $paramod\digital_cal\N=s32'00000000000000000000000000001010...
Checking module $paramod\spi_slave\N=s32'00000000000000000000000000001010...
Checking module $paramod\sar_logic\N=s32'00000000000000000000000000001010\INVERT_COMP=1'0...
Warning: Wire $paramod\sar_logic\N=s32'00000000000000000000000000001010\INVERT_COMP=1'0.$bitselwrite$pos$/foss/designs/xschem/SAR_ADC/src/sar_fsm/sar_fsm.v:102$16 [3] is used but has no driver.
Warning: Wire $paramod\sar_logic\N=s32'00000000000000000000000000001010\INVERT_COMP=1'0.$bitselwrite$pos$/foss/designs/xschem/SAR_ADC/src/sar_fsm/sar_fsm.v:102$16 [2] is used but has no driver.
Warning: Wire $paramod\sar_logic\N=s32'00000000000000000000000000001010\INVERT_COMP=1'0.$bitselwrite$pos$/foss/designs/xschem/SAR_ADC/src/sar_fsm/sar_fsm.v:102$16 [1] is used but has no driver.
Warning: Wire $paramod\sar_logic\N=s32'00000000000000000000000000001010\INVERT_COMP=1'0.$bitselwrite$pos$/foss/designs/xschem/SAR_ADC/src/sar_fsm/sar_fsm.v:102$16 [0] is used but has no driver.
Warning: Wire $paramod\sar_logic\N=s32'00000000000000000000000000001010\INVERT_COMP=1'0.$bitselwrite$pos$/foss/designs/xschem/SAR_ADC/src/sar_fsm/sar_fsm.v:101$15 [3] is used but has no driver.
Warning: Wire $paramod\sar_logic\N=s32'00000000000000000000000000001010\INVERT_COMP=1'0.$bitselwrite$pos$/foss/designs/xschem/SAR_ADC/src/sar_fsm/sar_fsm.v:101$15 [2] is used but has no driver.
Warning: Wire $paramod\sar_logic\N=s32'00000000000000000000000000001010\INVERT_COMP=1'0.$bitselwrite$pos$/foss/designs/xschem/SAR_ADC/src/sar_fsm/sar_fsm.v:101$15 [1] is used but has no driver.
Warning: Wire $paramod\sar_logic\N=s32'00000000000000000000000000001010\INVERT_COMP=1'0.$bitselwrite$pos$/foss/designs/xschem/SAR_ADC/src/sar_fsm/sar_fsm.v:101$15 [0] is used but has no driver.
Warning: Wire $paramod\sar_logic\N=s32'00000000000000000000000000001010\INVERT_COMP=1'0.$bitselwrite$pos$/foss/designs/xschem/SAR_ADC/src/sar_fsm/sar_fsm.v:97$14 [3] is used but has no driver.
Warning: Wire $paramod\sar_logic\N=s32'00000000000000000000000000001010\INVERT_COMP=1'0.$bitselwrite$pos$/foss/designs/xschem/SAR_ADC/src/sar_fsm/sar_fsm.v:97$14 [2] is used but has no driver.
Warning: Wire $paramod\sar_logic\N=s32'00000000000000000000000000001010\INVERT_COMP=1'0.$bitselwrite$pos$/foss/designs/xschem/SAR_ADC/src/sar_fsm/sar_fsm.v:97$14 [1] is used but has no driver.
Warning: Wire $paramod\sar_logic\N=s32'00000000000000000000000000001010\INVERT_COMP=1'0.$bitselwrite$pos$/foss/designs/xschem/SAR_ADC/src/sar_fsm/sar_fsm.v:97$14 [0] is used but has no driver.
Found and reported 12 problems.
