Clock: clk
Sources: clk 
Generated: no
Virtual: yes
Propagated: no
Period: 100.000000

===========================================================================
report_clock_properties
============================================================================
Clock                   Period          Waveform
----------------------------------------------------
clk                 100.000000    0.000000 50.000000

===========================================================================
report_clock_latency
============================================================================
Clock clk
rise -> rise
    min     max
0.000000 0.000000 source latency
1.307957         network latency _774_/CLK
        29.551188 network latency _736_/CLK
---------------
1.307957 29.551188 latency
        28.243231 skew

rise -> fall
    min     max
0.000000 0.000000 source latency
24.640709         network latency _756_/CLK
        30.508087 network latency _736_/CLK
---------------
24.640709 30.508087 latency
        5.867378 skew

fall -> fall
    min     max
0.000000 0.000000 source latency
1.235819         network latency _774_/CLK
        1.251994 network latency _775_/CLK
---------------
1.235819 1.251994 latency
        0.016176 skew



===========================================================================
report_clock_min_period
============================================================================
clk period_min = 16.15 fmax = 61.92
