
===========================================================================
 report_power
============================================================================
======================= nom_tt_025C_5v00 Corner ===================================

Group                    Internal    Switching      Leakage        Total
                            Power        Power        Power        Power (Watts)
------------------------------------------------------------------------
Sequential           5.169169e-04 6.542654e-05 4.626514e-08 5.823896e-04  38.2%
Combinational        2.234993e-04 2.520378e-04 4.971369e-08 4.755868e-04  31.2%
Clock                3.422802e-04 1.258456e-04 2.216336e-08 4.681480e-04  30.7%
Macro                0.000000e+00 0.000000e+00 0.000000e+00 0.000000e+00   0.0%
Pad                  0.000000e+00 0.000000e+00 0.000000e+00 0.000000e+00   0.0%
------------------------------------------------------------------------
Total                1.082696e-03 4.433101e-04 1.181423e-07 1.526125e-03 100.0%
                            70.9%        29.0%         0.0%
Writing metric power__internal__total: 0.0010826963698491454
Writing metric power__switching__total: 0.00044331009848974645
Writing metric power__leakage__total: 1.1814233147333653e-7
Writing metric power__total: 0.0015261246589943767

