
===========================================================================
report_checks -unconstrained
===========================================================================
======================= min_ss_125C_4v50 Corner ===================================

Startpoint: rst_n (input port clocked by clk)
Endpoint: _719_ (recovery check against rising-edge clock clk)
Path Group: asynchronous
Path Type: max

Fanout         Cap        Slew       Delay        Time   Description
---------------------------------------------------------------------------------------------
                                  0.000000    0.000000   clock clk (rise edge)
                                  0.000000    0.000000   clock network delay (propagated)
                                 20.000000   20.000000 ^ input external delay
     1    0.004296    0.205401    0.069100   20.069101 ^ rst_n (in)
                                                         rst_n (net)
                      0.205401    0.000000   20.069101 ^ input4/I (gf180mcu_fd_sc_mcu7t5v0__dlyb_1)
     4    0.037501    1.126181    2.216593   22.285694 ^ input4/Z (gf180mcu_fd_sc_mcu7t5v0__dlyb_1)
                                                         net4 (net)
                      1.126181    0.000425   22.286118 ^ fanout60/I (gf180mcu_fd_sc_mcu7t5v0__dlyb_1)
     5    0.054884    1.590285    2.562272   24.848391 ^ fanout60/Z (gf180mcu_fd_sc_mcu7t5v0__dlyb_1)
                                                         net60 (net)
                      1.590285    0.000320   24.848711 ^ fanout59/I (gf180mcu_fd_sc_mcu7t5v0__dlyb_1)
    10    0.092598    2.605381    3.146177   27.994886 ^ fanout59/Z (gf180mcu_fd_sc_mcu7t5v0__dlyb_1)
                                                         net59 (net)
                      2.605381    0.000975   27.995863 ^ fanout58/I (gf180mcu_fd_sc_mcu7t5v0__dlyb_1)
    10    0.093691    2.637383    3.137240   31.133102 ^ fanout58/Z (gf180mcu_fd_sc_mcu7t5v0__dlyb_1)
                                                         net58 (net)
                      2.637383    0.001560   31.134663 ^ _719_/RN (gf180mcu_fd_sc_mcu7t5v0__dffrnq_1)
                                             31.134663   data arrival time

                                100.000000  100.000000   clock clk (rise edge)
                                  0.000000  100.000000   clock source latency
     1    0.039582    0.330873    0.160362  100.160362 ^ clk (in)
                                                         clk (net)
                      0.330877    0.000000  100.160362 ^ clkbuf_0_clk/I (gf180mcu_fd_sc_mcu7t5v0__clkbuf_16)
     8    0.206490    0.446799    0.643787  100.804146 ^ clkbuf_0_clk/Z (gf180mcu_fd_sc_mcu7t5v0__clkbuf_16)
                                                         clknet_0_clk (net)
                      0.446806    0.002672  100.806816 ^ clkbuf_3_5__f_clk/I (gf180mcu_fd_sc_mcu7t5v0__clkbuf_16)
     8    0.039185    0.190039    0.488519  101.295334 ^ clkbuf_3_5__f_clk/Z (gf180mcu_fd_sc_mcu7t5v0__clkbuf_16)
                                                         clknet_3_5__leaf_clk (net)
                      0.190040    0.001037  101.296371 ^ _719_/CLK (gf180mcu_fd_sc_mcu7t5v0__dffrnq_1)
                                 -0.250000  101.046379   clock uncertainty
                                  0.000000  101.046379   clock reconvergence pessimism
                                 -0.140821  100.905556   library recovery time
                                            100.905556   data required time
---------------------------------------------------------------------------------------------
                                            100.905556   data required time
                                            -31.134663   data arrival time
---------------------------------------------------------------------------------------------
                                             69.770897   slack (MET)


Startpoint: cs_n (input port clocked by clk)
Endpoint: miso (output port clocked by clk)
Path Group: clk
Path Type: max

Fanout         Cap        Slew       Delay        Time   Description
---------------------------------------------------------------------------------------------
                                  0.000000    0.000000   clock clk (rise edge)
                                  0.000000    0.000000   clock network delay (propagated)
                                 20.000000   20.000000 v input external delay
     1    0.004386    0.119027    0.043091   20.043091 v cs_n (in)
                                                         cs_n (net)
                      0.119027    0.000000   20.043091 v input2/I (gf180mcu_fd_sc_mcu7t5v0__dlyb_1)
     5    0.042628    0.953637    2.385406   22.428497 v input2/Z (gf180mcu_fd_sc_mcu7t5v0__dlyb_1)
                                                         net2 (net)
                      0.953637    0.000437   22.428934 v fanout61/I (gf180mcu_fd_sc_mcu7t5v0__dlyb_1)
    10    0.069349    1.332041    2.982537   25.411470 v fanout61/Z (gf180mcu_fd_sc_mcu7t5v0__dlyb_1)
                                                         net61 (net)
                      1.332058    0.003224   25.414696 v _334_/I (gf180mcu_fd_sc_mcu7t5v0__clkinv_1)
     4    0.019608    0.809306    0.740954   26.155649 ^ _334_/ZN (gf180mcu_fd_sc_mcu7t5v0__clkinv_1)
                                                         _105_ (net)
                      0.809306    0.000162   26.155811 ^ _372_/A1 (gf180mcu_fd_sc_mcu7t5v0__and2_1)
     1    0.003294    0.246412    0.598286   26.754097 ^ _372_/Z (gf180mcu_fd_sc_mcu7t5v0__and2_1)
                                                         net27 (net)
                      0.246412    0.000032   26.754129 ^ output27/I (gf180mcu_fd_sc_mcu7t5v0__dlyb_1)
     1    0.074075    2.106304    2.791522   29.545650 ^ output27/Z (gf180mcu_fd_sc_mcu7t5v0__dlyb_1)
                                                         miso (net)
                      2.106304    0.000902   29.546553 ^ miso (out)
                                             29.546553   data arrival time

                                100.000000  100.000000   clock clk (rise edge)
                                  0.000000  100.000000   clock network delay (propagated)
                                 -0.250000   99.750000   clock uncertainty
                                  0.000000   99.750000   clock reconvergence pessimism
                                -20.000000   79.750000   output external delay
                                             79.750000   data required time
---------------------------------------------------------------------------------------------
                                             79.750000   data required time
                                            -29.546553   data arrival time
---------------------------------------------------------------------------------------------
                                             50.203445   slack (MET)




===========================================================================
report_checks --slack_max -0.01
============================================================================
======================= min_ss_125C_4v50 Corner ===================================

No paths found.


===========================================================================
 report_check_types -max_slew -max_cap -max_fanout -violators
============================================================================
======================= min_ss_125C_4v50 Corner ===================================

max capacitance

Pin                                        Limit         Cap       Slack
------------------------------------------------------------------------
clkbuf_0_clk/Z                          0.200000    0.206490   -0.006490 (VIOLATED)



===========================================================================
report_parasitic_annotation -report_unannotated
============================================================================
Found 7 unannotated drivers.
 clkload0/Z
 clkload1/Z
 clkload2/Z
 clkload3/Z
 clkload4/Z
 clkload5/Z
 clkload6/Z
Found 0 partially unannotated drivers.

===========================================================================
max slew violation count 0
max fanout violation count 0
max cap violation count 1
============================================================================

===========================================================================
check_setup -verbose -unconstrained_endpoints -multiple_clock -no_clock -no_input_delay -loops -generated_clocks
===========================================================================
Warning: There are 49 unclocked register/latch pins.
  _670_/CLK
  _671_/CLK
  _672_/CLK
  _673_/CLK
  _674_/CLK
  _675_/CLK
  _676_/CLK
  _677_/CLK
  _678_/CLK
  _679_/CLK
  _680_/CLK
  _733_/CLK
  _734_/CLK
  _735_/CLK
  _736_/CLK
  _737_/CLK
  _738_/CLK
  _739_/CLK
  _740_/CLK
  _741_/CLK
  _742_/CLK
  _743_/CLK
  _744_/CLK
  _745_/CLK
  _746_/CLK
  _747_/CLK
  _748_/CLK
  _749_/CLK
  _750_/CLK
  _751_/CLK
  _752_/CLK
  _753_/CLK
  _754_/CLK
  _755_/CLK
  _756_/CLK
  _757_/CLK
  _758_/CLK
  _759_/CLK
  _760_/CLK
  _761_/CLK
  _762_/CLK
  _763_/CLK
  _764_/CLK
  _765_/CLK
  _766_/CLK
  _767_/CLK
  _768_/CLK
  _769_/CLK
  _770_/CLK
Warning: There are 49 unconstrained endpoints.
  _670_/D
  _671_/D
  _672_/D
  _673_/D
  _674_/D
  _675_/D
  _676_/D
  _677_/D
  _678_/D
  _679_/D
  _680_/D
  _733_/D
  _734_/D
  _735_/D
  _736_/D
  _737_/D
  _738_/D
  _739_/D
  _740_/D
  _741_/D
  _742_/D
  _743_/D
  _744_/D
  _745_/D
  _746_/D
  _747_/D
  _748_/D
  _749_/D
  _750_/D
  _751_/D
  _752_/D
  _753_/D
  _754_/D
  _755_/D
  _756_/D
  _757_/D
  _758_/D
  _759_/D
  _760_/D
  _761_/D
  _762_/D
  _763_/D
  _764_/D
  _765_/D
  _766_/D
  _767_/D
  _768_/D
  _769_/D
  _770_/D
