
===========================================================================
report_checks -unconstrained
===========================================================================
======================= nom_tt_025C_5v00 Corner ===================================

Startpoint: rst_n (input port clocked by clk)
Endpoint: _669_ (recovery check against rising-edge clock clk)
Path Group: asynchronous
Path Type: max

Fanout         Cap        Slew       Delay        Time   Description
---------------------------------------------------------------------------------------------
                                  0.000000    0.000000   clock clk (rise edge)
                                  0.000000    0.000000   clock network delay (propagated)
                                 20.000000   20.000000 ^ input external delay
    60    0.494584    7.961083    4.617059   24.617060 ^ rst_n (in)
                                                         rst_n (net)
                      7.961154    0.000000   24.617060 ^ _669_/RN (gf180mcu_fd_sc_mcu7t5v0__dffrnq_1)
                                             24.617060   data arrival time

                                100.000000  100.000000   clock clk (rise edge)
                                  0.000000  100.000000   clock source latency
    60    0.265636    1.097578    0.627402  100.627396 ^ clk (in)
                                                         clk (net)
                      1.097691    0.000000  100.627396 ^ _669_/CLK (gf180mcu_fd_sc_mcu7t5v0__dffrnq_1)
                                 -0.250000  100.377403   clock uncertainty
                                  0.000000  100.377403   clock reconvergence pessimism
                                 -2.603965   97.773438   library recovery time
                                             97.773438   data required time
---------------------------------------------------------------------------------------------
                                             97.773438   data required time
                                            -24.617060   data arrival time
---------------------------------------------------------------------------------------------
                                             73.156380   slack (MET)


Startpoint: cs_n (input port clocked by clk)
Endpoint: miso (output port clocked by clk)
Path Group: clk
Path Type: max

Fanout         Cap        Slew       Delay        Time   Description
---------------------------------------------------------------------------------------------
                                  0.000000    0.000000   clock clk (rise edge)
                                  0.000000    0.000000   clock network delay (propagated)
                                 20.000000   20.000000 ^ input external delay
    14    0.075021    1.248030    0.703420   20.703421 ^ cs_n (in)
                                                         cs_n (net)
                      1.248038    0.000000   20.703421 ^ _334_/I (gf180mcu_fd_sc_mcu7t5v0__clkinv_1)
     4    0.014230    0.492443    0.352049   21.055470 v _334_/ZN (gf180mcu_fd_sc_mcu7t5v0__clkinv_1)
                                                         _105_ (net)
                      0.492443    0.000009   21.055477 v _372_/A1 (gf180mcu_fd_sc_mcu7t5v0__and2_1)
     1    0.073640    0.762423    0.781775   21.837254 v _372_/Z (gf180mcu_fd_sc_mcu7t5v0__and2_1)
                                                         miso (net)
                      0.762423    0.000252   21.837505 v miso (out)
                                             21.837505   data arrival time

                                100.000000  100.000000   clock clk (rise edge)
                                  0.000000  100.000000   clock network delay (propagated)
                                 -0.250000   99.750000   clock uncertainty
                                  0.000000   99.750000   clock reconvergence pessimism
                                -20.000000   79.750000   output external delay
                                             79.750000   data required time
---------------------------------------------------------------------------------------------
                                             79.750000   data required time
                                            -21.837505   data arrival time
---------------------------------------------------------------------------------------------
                                             57.912491   slack (MET)




===========================================================================
report_checks --slack_max -0.01
============================================================================
======================= nom_tt_025C_5v00 Corner ===================================

No paths found.


===========================================================================
 report_check_types -max_slew -max_cap -max_fanout -violators
============================================================================
======================= nom_tt_025C_5v00 Corner ===================================

max slew

Pin                                        Limit        Slew       Slack
------------------------------------------------------------------------
_669_/RN                                3.000000    7.961154   -4.961155 (VIOLATED)
_681_/RN                                3.000000    7.961152   -4.961152 (VIOLATED)
_684_/RN                                3.000000    7.961149   -4.961149 (VIOLATED)
_687_/RN                                3.000000    7.961149   -4.961149 (VIOLATED)
_691_/RN                                3.000000    7.961152   -4.961152 (VIOLATED)
_728_/RN                                3.000000    7.961154   -4.961154 (VIOLATED)
_729_/RN                                3.000000    7.961154   -4.961155 (VIOLATED)
_683_/RN                                3.000000    7.961143   -4.961143 (VIOLATED)
_707_/RN                                3.000000    7.961146   -4.961146 (VIOLATED)
_686_/RN                                3.000000    7.961137   -4.961137 (VIOLATED)
_688_/RN                                3.000000    7.961141   -4.961141 (VIOLATED)
_693_/RN                                3.000000    7.961141   -4.961141 (VIOLATED)
_694_/RN                                3.000000    7.961141   -4.961142 (VIOLATED)
_696_/RN                                3.000000    7.961139   -4.961139 (VIOLATED)
_697_/RN                                3.000000    7.961141   -4.961141 (VIOLATED)
_698_/RN                                3.000000    7.961140   -4.961140 (VIOLATED)
_685_/RN                                3.000000    7.961131   -4.961131 (VIOLATED)
_695_/RN                                3.000000    7.961130   -4.961130 (VIOLATED)
_723_/RN                                3.000000    7.961128   -4.961128 (VIOLATED)
_724_/RN                                3.000000    7.961130   -4.961130 (VIOLATED)
_725_/RN                                3.000000    7.961131   -4.961131 (VIOLATED)
_726_/RN                                3.000000    7.961132   -4.961132 (VIOLATED)
_727_/RN                                3.000000    7.961133   -4.961133 (VIOLATED)
_730_/RN                                3.000000    7.961133   -4.961133 (VIOLATED)
_689_/RN                                3.000000    7.961121   -4.961121 (VIOLATED)
_699_/RN                                3.000000    7.961123   -4.961123 (VIOLATED)
_701_/RN                                3.000000    7.961122   -4.961122 (VIOLATED)
_703_/RN                                3.000000    7.961124   -4.961124 (VIOLATED)
_704_/RN                                3.000000    7.961124   -4.961124 (VIOLATED)
_705_/RN                                3.000000    7.961125   -4.961125 (VIOLATED)
_706_/RN                                3.000000    7.961126   -4.961126 (VIOLATED)
_708_/RN                                3.000000    7.961126   -4.961126 (VIOLATED)
_731_/RN                                3.000000    7.961126   -4.961126 (VIOLATED)
_702_/RN                                3.000000    7.961119   -4.961119 (VIOLATED)
_709_/RN                                3.000000    7.961123   -4.961123 (VIOLATED)
_732_/RN                                3.000000    7.961123   -4.961123 (VIOLATED)
_690_/RN                                3.000000    7.961113   -4.961113 (VIOLATED)
_710_/RN                                3.000000    7.961117   -4.961117 (VIOLATED)
_713_/RN                                3.000000    7.961121   -4.961121 (VIOLATED)
_714_/SETN                              3.000000    7.961121   -4.961121 (VIOLATED)
_777_/RN                                3.000000    7.961122   -4.961122 (VIOLATED)
_700_/RN                                3.000000    7.961111   -4.961111 (VIOLATED)
_771_/SETN                              3.000000    7.961113   -4.961113 (VIOLATED)
_775_/RN                                3.000000    7.961112   -4.961112 (VIOLATED)
rst_n                                   3.000000    7.961083   -4.961084 (VIOLATED)
_682_/RN                                3.000000    7.961083   -4.961084 (VIOLATED)
_692_/RN                                3.000000    7.961083   -4.961084 (VIOLATED)
_711_/SETN                              3.000000    7.961083   -4.961084 (VIOLATED)
_712_/RN                                3.000000    7.961083   -4.961084 (VIOLATED)
_715_/RN                                3.000000    7.961083   -4.961084 (VIOLATED)
_716_/RN                                3.000000    7.961083   -4.961084 (VIOLATED)
_717_/RN                                3.000000    7.961083   -4.961084 (VIOLATED)
_718_/RN                                3.000000    7.961083   -4.961084 (VIOLATED)
_719_/RN                                3.000000    7.961083   -4.961084 (VIOLATED)
_720_/RN                                3.000000    7.961083   -4.961084 (VIOLATED)
_721_/RN                                3.000000    7.961083   -4.961084 (VIOLATED)
_722_/RN                                3.000000    7.961083   -4.961084 (VIOLATED)
_772_/RN                                3.000000    7.961083   -4.961084 (VIOLATED)
_773_/RN                                3.000000    7.961083   -4.961084 (VIOLATED)
_774_/RN                                3.000000    7.961083   -4.961084 (VIOLATED)
_776_/RN                                3.000000    7.961083   -4.961084 (VIOLATED)
_652_/ZN                                3.000000    5.123325   -2.123326 (VIOLATED)
_653_/S                                 3.000000    5.123325   -2.123326 (VIOLATED)
_654_/S                                 3.000000    5.123325   -2.123326 (VIOLATED)
_655_/S                                 3.000000    5.123325   -2.123326 (VIOLATED)
_656_/S                                 3.000000    5.123325   -2.123326 (VIOLATED)
_657_/S                                 3.000000    5.123325   -2.123326 (VIOLATED)
_658_/S                                 3.000000    5.123325   -2.123326 (VIOLATED)
_659_/S                                 3.000000    5.123325   -2.123326 (VIOLATED)
_660_/S                                 3.000000    5.123325   -2.123326 (VIOLATED)
_661_/S                                 3.000000    5.123325   -2.123326 (VIOLATED)
_662_/S                                 3.000000    5.123325   -2.123326 (VIOLATED)
_373_/ZN                                3.000000    5.052320   -2.052320 (VIOLATED)
_374_/S                                 3.000000    5.052320   -2.052320 (VIOLATED)
_375_/S                                 3.000000    5.052320   -2.052320 (VIOLATED)
_376_/S                                 3.000000    5.052320   -2.052320 (VIOLATED)
_377_/S                                 3.000000    5.052320   -2.052320 (VIOLATED)
_389_/A2                                3.000000    5.052320   -2.052320 (VIOLATED)
_412_/A2                                3.000000    5.052320   -2.052320 (VIOLATED)
_415_/A2                                3.000000    5.052320   -2.052320 (VIOLATED)
_417_/B1                                3.000000    5.052320   -2.052320 (VIOLATED)
_419_/B1                                3.000000    5.052320   -2.052320 (VIOLATED)
_421_/B1                                3.000000    5.052320   -2.052320 (VIOLATED)
_423_/B1                                3.000000    5.052320   -2.052320 (VIOLATED)
_426_/A2                                3.000000    5.052320   -2.052320 (VIOLATED)
_428_/B1                                3.000000    5.052320   -2.052320 (VIOLATED)
_430_/B1                                3.000000    5.052320   -2.052320 (VIOLATED)
_663_/S                                 3.000000    5.052320   -2.052320 (VIOLATED)
_664_/S                                 3.000000    5.052320   -2.052320 (VIOLATED)
_665_/S                                 3.000000    5.052320   -2.052320 (VIOLATED)
_666_/S                                 3.000000    5.052320   -2.052320 (VIOLATED)
_667_/S                                 3.000000    5.052320   -2.052320 (VIOLATED)
_668_/S                                 3.000000    5.052320   -2.052320 (VIOLATED)
_743_/CLK                               3.000000    3.395082   -0.395082 (VIOLATED)
_733_/CLK                               3.000000    3.395081   -0.395081 (VIOLATED)
_744_/CLK                               3.000000    3.395081   -0.395081 (VIOLATED)
_734_/CLK                               3.000000    3.395080   -0.395080 (VIOLATED)
_745_/CLK                               3.000000    3.395080   -0.395080 (VIOLATED)
_746_/CLK                               3.000000    3.395080   -0.395080 (VIOLATED)
_735_/CLK                               3.000000    3.395080   -0.395080 (VIOLATED)
_737_/CLK                               3.000000    3.395079   -0.395079 (VIOLATED)
_738_/CLK                               3.000000    3.395079   -0.395079 (VIOLATED)
_736_/CLK                               3.000000    3.395078   -0.395078 (VIOLATED)
_739_/CLK                               3.000000    3.395078   -0.395078 (VIOLATED)
_747_/CLK                               3.000000    3.395078   -0.395078 (VIOLATED)
_748_/CLK                               3.000000    3.395078   -0.395079 (VIOLATED)
_749_/CLK                               3.000000    3.395078   -0.395078 (VIOLATED)
_751_/CLK                               3.000000    3.395078   -0.395079 (VIOLATED)
_768_/CLK                               3.000000    3.395078   -0.395078 (VIOLATED)
_740_/CLK                               3.000000    3.395077   -0.395078 (VIOLATED)
_750_/CLK                               3.000000    3.395077   -0.395078 (VIOLATED)
_769_/CLK                               3.000000    3.395078   -0.395078 (VIOLATED)
_752_/CLK                               3.000000    3.395077   -0.395077 (VIOLATED)
_741_/CLK                               3.000000    3.395075   -0.395076 (VIOLATED)
_766_/CLK                               3.000000    3.395075   -0.395075 (VIOLATED)
_767_/CLK                               3.000000    3.395074   -0.395074 (VIOLATED)
_770_/CLK                               3.000000    3.395074   -0.395074 (VIOLATED)
_742_/CLK                               3.000000    3.395073   -0.395073 (VIOLATED)
_670_/CLK                               3.000000    3.395071   -0.395071 (VIOLATED)
_762_/CLK                               3.000000    3.395065   -0.395065 (VIOLATED)
_761_/CLK                               3.000000    3.395058   -0.395058 (VIOLATED)
_753_/CLK                               3.000000    3.395051   -0.395051 (VIOLATED)
_754_/CLK                               3.000000    3.395046   -0.395046 (VIOLATED)
_755_/CLK                               3.000000    3.395041   -0.395041 (VIOLATED)
_756_/CLK                               3.000000    3.395036   -0.395036 (VIOLATED)
sclk                                    3.000000    3.395022   -0.395022 (VIOLATED)
_671_/CLK                               3.000000    3.395022   -0.395022 (VIOLATED)
_672_/CLK                               3.000000    3.395022   -0.395022 (VIOLATED)
_673_/CLK                               3.000000    3.395022   -0.395022 (VIOLATED)
_674_/CLK                               3.000000    3.395022   -0.395022 (VIOLATED)
_675_/CLK                               3.000000    3.395022   -0.395022 (VIOLATED)
_676_/CLK                               3.000000    3.395022   -0.395022 (VIOLATED)
_677_/CLK                               3.000000    3.395022   -0.395022 (VIOLATED)
_678_/CLK                               3.000000    3.395022   -0.395022 (VIOLATED)
_679_/CLK                               3.000000    3.395022   -0.395022 (VIOLATED)
_680_/CLK                               3.000000    3.395022   -0.395022 (VIOLATED)
_757_/CLK                               3.000000    3.395022   -0.395022 (VIOLATED)
_758_/CLK                               3.000000    3.395022   -0.395022 (VIOLATED)
_759_/CLK                               3.000000    3.395022   -0.395022 (VIOLATED)
_760_/CLK                               3.000000    3.395022   -0.395022 (VIOLATED)
_763_/CLK                               3.000000    3.395022   -0.395022 (VIOLATED)
_764_/CLK                               3.000000    3.395022   -0.395022 (VIOLATED)
_765_/CLK                               3.000000    3.395022   -0.395022 (VIOLATED)
_439_/A2                                3.000000    3.182989   -0.182989 (VIOLATED)
_481_/A2                                3.000000    3.182989   -0.182989 (VIOLATED)
_453_/A1                                3.000000    3.182988   -0.182988 (VIOLATED)
_470_/A1                                3.000000    3.182988   -0.182988 (VIOLATED)
_488_/A1                                3.000000    3.182987   -0.182988 (VIOLATED)
_494_/A1                                3.000000    3.182987   -0.182987 (VIOLATED)
_474_/A1                                3.000000    3.182986   -0.182987 (VIOLATED)
_496_/A1                                3.000000    3.182986   -0.182986 (VIOLATED)
_438_/ZN                                3.000000    3.182975   -0.182975 (VIOLATED)
_445_/A1                                3.000000    3.182975   -0.182975 (VIOLATED)
_449_/A1                                3.000000    3.182975   -0.182975 (VIOLATED)
_458_/A1                                3.000000    3.182975   -0.182975 (VIOLATED)
_467_/A1                                3.000000    3.182975   -0.182975 (VIOLATED)
_476_/A1                                3.000000    3.182975   -0.182975 (VIOLATED)
_480_/A1                                3.000000    3.182975   -0.182975 (VIOLATED)
_484_/A1                                3.000000    3.182975   -0.182975 (VIOLATED)
_486_/A1                                3.000000    3.182975   -0.182975 (VIOLATED)
_490_/A1                                3.000000    3.182975   -0.182975 (VIOLATED)
_492_/A1                                3.000000    3.182975   -0.182975 (VIOLATED)
_498_/A1                                3.000000    3.182975   -0.182975 (VIOLATED)
_500_/A1                                3.000000    3.182975   -0.182975 (VIOLATED)

max fanout

Pin                                   Limit Fanout  Slack
---------------------------------------------------------
clk                                      10     60    -50 (VIOLATED)
rst_n                                    10     60    -50 (VIOLATED)
sclk                                     10     49    -39 (VIOLATED)
_373_/ZN                                 10     20    -10 (VIOLATED)
_438_/ZN                                 10     20    -10 (VIOLATED)
_391_/Z                                  10     17     -7 (VIOLATED)
cs_n                                     10     14     -4 (VIOLATED)
_777_/Q                                  10     13     -3 (VIOLATED)
_772_/Q                                  10     12     -2 (VIOLATED)

max capacitance

Pin                                        Limit         Cap       Slack
------------------------------------------------------------------------
rst_n                                   0.200000    0.494584   -0.294584 (VIOLATED)
clk                                     0.200000    0.265636   -0.065636 (VIOLATED)
_373_/ZN                                0.125100    0.169870   -0.044770 (VIOLATED)
_652_/ZN                                0.084260    0.112281   -0.028021 (VIOLATED)
sclk                                    0.200000    0.209028   -0.009028 (VIOLATED)



===========================================================================
report_parasitic_annotation -report_unannotated
============================================================================
Found 0 unannotated drivers.
Found 0 partially unannotated drivers.

===========================================================================
max slew violation count 164
Writing metric design__max_slew_violation__count__corner:nom_tt_025C_5v00: 164
max fanout violation count 9
Writing metric design__max_fanout_violation__count__corner:nom_tt_025C_5v00: 9
max cap violation count 5
Writing metric design__max_cap_violation__count__corner:nom_tt_025C_5v00: 5
============================================================================

===========================================================================
check_setup -verbose -unconstrained_endpoints -multiple_clock -no_clock -no_input_delay -loops -generated_clocks
===========================================================================
Warning: There are 49 unclocked register/latch pins.
  _670_/CLK
  _671_/CLK
  _672_/CLK
  _673_/CLK
  _674_/CLK
  _675_/CLK
  _676_/CLK
  _677_/CLK
  _678_/CLK
  _679_/CLK
  _680_/CLK
  _733_/CLK
  _734_/CLK
  _735_/CLK
  _736_/CLK
  _737_/CLK
  _738_/CLK
  _739_/CLK
  _740_/CLK
  _741_/CLK
  _742_/CLK
  _743_/CLK
  _744_/CLK
  _745_/CLK
  _746_/CLK
  _747_/CLK
  _748_/CLK
  _749_/CLK
  _750_/CLK
  _751_/CLK
  _752_/CLK
  _753_/CLK
  _754_/CLK
  _755_/CLK
  _756_/CLK
  _757_/CLK
  _758_/CLK
  _759_/CLK
  _760_/CLK
  _761_/CLK
  _762_/CLK
  _763_/CLK
  _764_/CLK
  _765_/CLK
  _766_/CLK
  _767_/CLK
  _768_/CLK
  _769_/CLK
  _770_/CLK
Warning: There are 49 unconstrained endpoints.
  _670_/D
  _671_/D
  _672_/D
  _673_/D
  _674_/D
  _675_/D
  _676_/D
  _677_/D
  _678_/D
  _679_/D
  _680_/D
  _733_/D
  _734_/D
  _735_/D
  _736_/D
  _737_/D
  _738_/D
  _739_/D
  _740_/D
  _741_/D
  _742_/D
  _743_/D
  _744_/D
  _745_/D
  _746_/D
  _747_/D
  _748_/D
  _749_/D
  _750_/D
  _751_/D
  _752_/D
  _753_/D
  _754_/D
  _755_/D
  _756_/D
  _757_/D
  _758_/D
  _759_/D
  _760_/D
  _761_/D
  _762_/D
  _763_/D
  _764_/D
  _765_/D
  _766_/D
  _767_/D
  _768_/D
  _769_/D
  _770_/D
