
===========================================================================
 report_power
============================================================================
======================= nom_tt_025C_5v00 Corner ===================================

Group                    Internal    Switching      Leakage        Total
                            Power        Power        Power        Power (Watts)
------------------------------------------------------------------------
Sequential           6.444598e-04 1.335998e-04 4.626514e-08 7.781058e-04  68.5%
Combinational        1.972779e-04 1.604664e-04 4.024620e-08 3.577845e-04  31.5%
Clock                0.000000e+00 0.000000e+00 1.539999e-08 1.539999e-08   0.0%
Macro                0.000000e+00 0.000000e+00 0.000000e+00 0.000000e+00   0.0%
Pad                  0.000000e+00 0.000000e+00 0.000000e+00 0.000000e+00   0.0%
------------------------------------------------------------------------
Total                8.417378e-04 2.940661e-04 1.019116e-07 1.135906e-03 100.0%
                            74.1%        25.9%         0.0%
Writing metric power__internal__total: 0.0008417377830483019
Writing metric power__switching__total: 0.0002940660633612424
Writing metric power__leakage__total: 1.0191157429062514e-7
Writing metric power__total: 0.0011359057389199734

