
===========================================================================
report_checks -unconstrained
===========================================================================
======================= nom_ss_125C_4v50 Corner ===================================

Startpoint: rst_n (input port clocked by clk)
Endpoint: _669_ (recovery check against rising-edge clock clk)
Path Group: asynchronous
Path Type: max

Fanout         Cap        Slew       Delay        Time   Description
---------------------------------------------------------------------------------------------
                      0.150000    0.000000    0.000000   clock clk (rise edge)
                                  0.000000    0.000000   clock network delay (ideal)
                                 20.000000   20.000000 ^ input external delay
    60    0.442026   12.483961    6.883683   26.883684 ^ rst_n (in)
                                                         rst_n (net)
                     12.483961    0.000000   26.883684 ^ _669_/RN (gf180mcu_fd_sc_mcu7t5v0__dffrnq_1)
                                             26.883684   data arrival time

                      0.150000  100.000000  100.000000   clock clk (rise edge)
                                  0.000000  100.000000   clock network delay (ideal)
                                 -0.250000   99.750000   clock uncertainty
                                  0.000000   99.750000   clock reconvergence pessimism
                                             99.750000 ^ _669_/CLK (gf180mcu_fd_sc_mcu7t5v0__dffrnq_1)
                                 -4.387586   95.362411   library recovery time
                                             95.362411   data required time
---------------------------------------------------------------------------------------------
                                             95.362411   data required time
                                            -26.883684   data arrival time
---------------------------------------------------------------------------------------------
                                             68.478729   slack (MET)


Startpoint: cs_n (input port clocked by clk)
Endpoint: miso (output port clocked by clk)
Path Group: clk
Path Type: max

Fanout         Cap        Slew       Delay        Time   Description
---------------------------------------------------------------------------------------------
                      0.150000    0.000000    0.000000   clock clk (rise edge)
                                  0.000000    0.000000   clock network delay (ideal)
                                 20.000000   20.000000 ^ input external delay
    14    0.064415    1.893687    1.006887   21.006887 ^ cs_n (in)
                                                         cs_n (net)
                      1.893687    0.000000   21.006887 ^ _334_/I (gf180mcu_fd_sc_mcu7t5v0__clkinv_1)
     4    0.011400    0.725227    0.531182   21.538069 v _334_/ZN (gf180mcu_fd_sc_mcu7t5v0__clkinv_1)
                                                         _105_ (net)
                      0.725227    0.000000   21.538069 v _372_/A1 (gf180mcu_fd_sc_mcu7t5v0__and2_1)
     1    0.072910    1.265207    1.316391   22.854460 v _372_/Z (gf180mcu_fd_sc_mcu7t5v0__and2_1)
                                                         miso (net)
                      1.265207    0.000000   22.854460 v miso (out)
                                             22.854460   data arrival time

                      0.150000  100.000000  100.000000   clock clk (rise edge)
                                  0.000000  100.000000   clock network delay (ideal)
                                 -0.250000   99.750000   clock uncertainty
                                  0.000000   99.750000   clock reconvergence pessimism
                                -20.000000   79.750000   output external delay
                                             79.750000   data required time
---------------------------------------------------------------------------------------------
                                             79.750000   data required time
                                            -22.854460   data arrival time
---------------------------------------------------------------------------------------------
                                             56.895538   slack (MET)




===========================================================================
report_checks --slack_max -0.01
============================================================================
======================= nom_ss_125C_4v50 Corner ===================================

No paths found.


===========================================================================
 report_check_types -max_slew -max_cap -max_fanout -violators
============================================================================
======================= nom_ss_125C_4v50 Corner ===================================

max slew

Pin                                        Limit        Slew       Slack
------------------------------------------------------------------------
rst_n                                   3.000000   12.483961   -9.483960 (VIOLATED)
_669_/RN                                3.000000   12.483961   -9.483960 (VIOLATED)
_681_/RN                                3.000000   12.483961   -9.483960 (VIOLATED)
_682_/RN                                3.000000   12.483961   -9.483960 (VIOLATED)
_683_/RN                                3.000000   12.483961   -9.483960 (VIOLATED)
_684_/RN                                3.000000   12.483961   -9.483960 (VIOLATED)
_685_/RN                                3.000000   12.483961   -9.483960 (VIOLATED)
_686_/RN                                3.000000   12.483961   -9.483960 (VIOLATED)
_687_/RN                                3.000000   12.483961   -9.483960 (VIOLATED)
_688_/RN                                3.000000   12.483961   -9.483960 (VIOLATED)
_689_/RN                                3.000000   12.483961   -9.483960 (VIOLATED)
_690_/RN                                3.000000   12.483961   -9.483960 (VIOLATED)
_691_/RN                                3.000000   12.483961   -9.483960 (VIOLATED)
_692_/RN                                3.000000   12.483961   -9.483960 (VIOLATED)
_693_/RN                                3.000000   12.483961   -9.483960 (VIOLATED)
_694_/RN                                3.000000   12.483961   -9.483960 (VIOLATED)
_695_/RN                                3.000000   12.483961   -9.483960 (VIOLATED)
_696_/RN                                3.000000   12.483961   -9.483960 (VIOLATED)
_697_/RN                                3.000000   12.483961   -9.483960 (VIOLATED)
_698_/RN                                3.000000   12.483961   -9.483960 (VIOLATED)
_699_/RN                                3.000000   12.483961   -9.483960 (VIOLATED)
_700_/RN                                3.000000   12.483961   -9.483960 (VIOLATED)
_701_/RN                                3.000000   12.483961   -9.483960 (VIOLATED)
_702_/RN                                3.000000   12.483961   -9.483960 (VIOLATED)
_703_/RN                                3.000000   12.483961   -9.483960 (VIOLATED)
_704_/RN                                3.000000   12.483961   -9.483960 (VIOLATED)
_705_/RN                                3.000000   12.483961   -9.483960 (VIOLATED)
_706_/RN                                3.000000   12.483961   -9.483960 (VIOLATED)
_707_/RN                                3.000000   12.483961   -9.483960 (VIOLATED)
_708_/RN                                3.000000   12.483961   -9.483960 (VIOLATED)
_709_/RN                                3.000000   12.483961   -9.483960 (VIOLATED)
_710_/RN                                3.000000   12.483961   -9.483960 (VIOLATED)
_711_/SETN                              3.000000   12.483961   -9.483960 (VIOLATED)
_712_/RN                                3.000000   12.483961   -9.483960 (VIOLATED)
_713_/RN                                3.000000   12.483961   -9.483960 (VIOLATED)
_714_/SETN                              3.000000   12.483961   -9.483960 (VIOLATED)
_715_/RN                                3.000000   12.483961   -9.483960 (VIOLATED)
_716_/RN                                3.000000   12.483961   -9.483960 (VIOLATED)
_717_/RN                                3.000000   12.483961   -9.483960 (VIOLATED)
_718_/RN                                3.000000   12.483961   -9.483960 (VIOLATED)
_719_/RN                                3.000000   12.483961   -9.483960 (VIOLATED)
_720_/RN                                3.000000   12.483961   -9.483960 (VIOLATED)
_721_/RN                                3.000000   12.483961   -9.483960 (VIOLATED)
_722_/RN                                3.000000   12.483961   -9.483960 (VIOLATED)
_723_/RN                                3.000000   12.483961   -9.483960 (VIOLATED)
_724_/RN                                3.000000   12.483961   -9.483960 (VIOLATED)
_725_/RN                                3.000000   12.483961   -9.483960 (VIOLATED)
_726_/RN                                3.000000   12.483961   -9.483960 (VIOLATED)
_727_/RN                                3.000000   12.483961   -9.483960 (VIOLATED)
_728_/RN                                3.000000   12.483961   -9.483960 (VIOLATED)
_729_/RN                                3.000000   12.483961   -9.483960 (VIOLATED)
_730_/RN                                3.000000   12.483961   -9.483960 (VIOLATED)
_731_/RN                                3.000000   12.483961   -9.483960 (VIOLATED)
_732_/RN                                3.000000   12.483961   -9.483960 (VIOLATED)
_771_/SETN                              3.000000   12.483961   -9.483960 (VIOLATED)
_772_/RN                                3.000000   12.483961   -9.483960 (VIOLATED)
_773_/RN                                3.000000   12.483961   -9.483960 (VIOLATED)
_774_/RN                                3.000000   12.483961   -9.483960 (VIOLATED)
_775_/RN                                3.000000   12.483961   -9.483960 (VIOLATED)
_776_/RN                                3.000000   12.483961   -9.483960 (VIOLATED)
_777_/RN                                3.000000   12.483961   -9.483960 (VIOLATED)
_652_/ZN                                3.000000    8.760270   -5.760270 (VIOLATED)
_653_/S                                 3.000000    8.760270   -5.760270 (VIOLATED)
_654_/S                                 3.000000    8.760270   -5.760270 (VIOLATED)
_655_/S                                 3.000000    8.760270   -5.760270 (VIOLATED)
_656_/S                                 3.000000    8.760270   -5.760270 (VIOLATED)
_657_/S                                 3.000000    8.760270   -5.760270 (VIOLATED)
_658_/S                                 3.000000    8.760270   -5.760270 (VIOLATED)
_659_/S                                 3.000000    8.760270   -5.760270 (VIOLATED)
_660_/S                                 3.000000    8.760270   -5.760270 (VIOLATED)
_661_/S                                 3.000000    8.760270   -5.760270 (VIOLATED)
_662_/S                                 3.000000    8.760270   -5.760270 (VIOLATED)
_373_/ZN                                3.000000    8.391549   -5.391549 (VIOLATED)
_374_/S                                 3.000000    8.391549   -5.391549 (VIOLATED)
_375_/S                                 3.000000    8.391549   -5.391549 (VIOLATED)
_376_/S                                 3.000000    8.391549   -5.391549 (VIOLATED)
_377_/S                                 3.000000    8.391549   -5.391549 (VIOLATED)
_389_/A2                                3.000000    8.391549   -5.391549 (VIOLATED)
_412_/A2                                3.000000    8.391549   -5.391549 (VIOLATED)
_415_/A2                                3.000000    8.391549   -5.391549 (VIOLATED)
_417_/B1                                3.000000    8.391549   -5.391549 (VIOLATED)
_419_/B1                                3.000000    8.391549   -5.391549 (VIOLATED)
_421_/B1                                3.000000    8.391549   -5.391549 (VIOLATED)
_423_/B1                                3.000000    8.391549   -5.391549 (VIOLATED)
_426_/A2                                3.000000    8.391549   -5.391549 (VIOLATED)
_428_/B1                                3.000000    8.391549   -5.391549 (VIOLATED)
_430_/B1                                3.000000    8.391549   -5.391549 (VIOLATED)
_663_/S                                 3.000000    8.391549   -5.391549 (VIOLATED)
_664_/S                                 3.000000    8.391549   -5.391549 (VIOLATED)
_665_/S                                 3.000000    8.391549   -5.391549 (VIOLATED)
_666_/S                                 3.000000    8.391549   -5.391549 (VIOLATED)
_667_/S                                 3.000000    8.391549   -5.391549 (VIOLATED)
_668_/S                                 3.000000    8.391549   -5.391549 (VIOLATED)
_438_/ZN                                3.000000    5.141416   -2.141416 (VIOLATED)
_439_/A2                                3.000000    5.141416   -2.141416 (VIOLATED)
_445_/A1                                3.000000    5.141416   -2.141416 (VIOLATED)
_449_/A1                                3.000000    5.141416   -2.141416 (VIOLATED)
_453_/A1                                3.000000    5.141416   -2.141416 (VIOLATED)
_458_/A1                                3.000000    5.141416   -2.141416 (VIOLATED)
_467_/A1                                3.000000    5.141416   -2.141416 (VIOLATED)
_470_/A1                                3.000000    5.141416   -2.141416 (VIOLATED)
_474_/A1                                3.000000    5.141416   -2.141416 (VIOLATED)
_476_/A1                                3.000000    5.141416   -2.141416 (VIOLATED)
_480_/A1                                3.000000    5.141416   -2.141416 (VIOLATED)
_481_/A2                                3.000000    5.141416   -2.141416 (VIOLATED)
_484_/A1                                3.000000    5.141416   -2.141416 (VIOLATED)
_486_/A1                                3.000000    5.141416   -2.141416 (VIOLATED)
_488_/A1                                3.000000    5.141416   -2.141416 (VIOLATED)
_490_/A1                                3.000000    5.141416   -2.141416 (VIOLATED)
_492_/A1                                3.000000    5.141416   -2.141416 (VIOLATED)
_494_/A1                                3.000000    5.141416   -2.141416 (VIOLATED)
_496_/A1                                3.000000    5.141416   -2.141416 (VIOLATED)
_498_/A1                                3.000000    5.141416   -2.141416 (VIOLATED)
_500_/A1                                3.000000    5.141416   -2.141416 (VIOLATED)
sclk                                    3.000000    4.570522   -1.570522 (VIOLATED)
_670_/CLK                               3.000000    4.570522   -1.570522 (VIOLATED)
_671_/CLK                               3.000000    4.570522   -1.570522 (VIOLATED)
_672_/CLK                               3.000000    4.570522   -1.570522 (VIOLATED)
_673_/CLK                               3.000000    4.570522   -1.570522 (VIOLATED)
_674_/CLK                               3.000000    4.570522   -1.570522 (VIOLATED)
_675_/CLK                               3.000000    4.570522   -1.570522 (VIOLATED)
_676_/CLK                               3.000000    4.570522   -1.570522 (VIOLATED)
_677_/CLK                               3.000000    4.570522   -1.570522 (VIOLATED)
_678_/CLK                               3.000000    4.570522   -1.570522 (VIOLATED)
_679_/CLK                               3.000000    4.570522   -1.570522 (VIOLATED)
_680_/CLK                               3.000000    4.570522   -1.570522 (VIOLATED)
_733_/CLK                               3.000000    4.570522   -1.570522 (VIOLATED)
_734_/CLK                               3.000000    4.570522   -1.570522 (VIOLATED)
_735_/CLK                               3.000000    4.570522   -1.570522 (VIOLATED)
_736_/CLK                               3.000000    4.570522   -1.570522 (VIOLATED)
_737_/CLK                               3.000000    4.570522   -1.570522 (VIOLATED)
_738_/CLK                               3.000000    4.570522   -1.570522 (VIOLATED)
_739_/CLK                               3.000000    4.570522   -1.570522 (VIOLATED)
_740_/CLK                               3.000000    4.570522   -1.570522 (VIOLATED)
_741_/CLK                               3.000000    4.570522   -1.570522 (VIOLATED)
_742_/CLK                               3.000000    4.570522   -1.570522 (VIOLATED)
_743_/CLK                               3.000000    4.570522   -1.570522 (VIOLATED)
_744_/CLK                               3.000000    4.570522   -1.570522 (VIOLATED)
_745_/CLK                               3.000000    4.570522   -1.570522 (VIOLATED)
_746_/CLK                               3.000000    4.570522   -1.570522 (VIOLATED)
_747_/CLK                               3.000000    4.570522   -1.570522 (VIOLATED)
_748_/CLK                               3.000000    4.570522   -1.570522 (VIOLATED)
_749_/CLK                               3.000000    4.570522   -1.570522 (VIOLATED)
_750_/CLK                               3.000000    4.570522   -1.570522 (VIOLATED)
_751_/CLK                               3.000000    4.570522   -1.570522 (VIOLATED)
_752_/CLK                               3.000000    4.570522   -1.570522 (VIOLATED)
_753_/CLK                               3.000000    4.570522   -1.570522 (VIOLATED)
_754_/CLK                               3.000000    4.570522   -1.570522 (VIOLATED)
_755_/CLK                               3.000000    4.570522   -1.570522 (VIOLATED)
_756_/CLK                               3.000000    4.570522   -1.570522 (VIOLATED)
_757_/CLK                               3.000000    4.570522   -1.570522 (VIOLATED)
_758_/CLK                               3.000000    4.570522   -1.570522 (VIOLATED)
_759_/CLK                               3.000000    4.570522   -1.570522 (VIOLATED)
_760_/CLK                               3.000000    4.570522   -1.570522 (VIOLATED)
_761_/CLK                               3.000000    4.570522   -1.570522 (VIOLATED)
_762_/CLK                               3.000000    4.570522   -1.570522 (VIOLATED)
_763_/CLK                               3.000000    4.570522   -1.570522 (VIOLATED)
_764_/CLK                               3.000000    4.570522   -1.570522 (VIOLATED)
_765_/CLK                               3.000000    4.570522   -1.570522 (VIOLATED)
_766_/CLK                               3.000000    4.570522   -1.570522 (VIOLATED)
_767_/CLK                               3.000000    4.570522   -1.570522 (VIOLATED)
_768_/CLK                               3.000000    4.570522   -1.570522 (VIOLATED)
_769_/CLK                               3.000000    4.570522   -1.570522 (VIOLATED)
_770_/CLK                               3.000000    4.570522   -1.570522 (VIOLATED)
_378_/S                                 3.000000    3.025723   -0.025723 (VIOLATED)
_379_/S                                 3.000000    3.025723   -0.025723 (VIOLATED)
_380_/S                                 3.000000    3.025723   -0.025723 (VIOLATED)
_381_/S                                 3.000000    3.025723   -0.025723 (VIOLATED)
_382_/S                                 3.000000    3.025723   -0.025723 (VIOLATED)
_383_/S                                 3.000000    3.025723   -0.025723 (VIOLATED)
_384_/S                                 3.000000    3.025723   -0.025723 (VIOLATED)
_385_/S                                 3.000000    3.025723   -0.025723 (VIOLATED)
_386_/S                                 3.000000    3.025723   -0.025723 (VIOLATED)
_387_/S                                 3.000000    3.025723   -0.025723 (VIOLATED)
_669_/Q                                 3.000000    3.025723   -0.025723 (VIOLATED)

max fanout

Pin                                   Limit Fanout  Slack
---------------------------------------------------------
rst_n                                    10     60    -50 (VIOLATED)
sclk                                     10     49    -39 (VIOLATED)
_373_/ZN                                 10     20    -10 (VIOLATED)
_438_/ZN                                 10     20    -10 (VIOLATED)
_391_/Z                                  10     17     -7 (VIOLATED)
cs_n                                     10     14     -4 (VIOLATED)
_777_/Q                                  10     13     -3 (VIOLATED)
_772_/Q                                  10     12     -2 (VIOLATED)

max capacitance

Pin                                        Limit         Cap       Slack
------------------------------------------------------------------------
rst_n                                   0.200000    0.442026   -0.242026 (VIOLATED)
_373_/ZN                                0.121600    0.151650   -0.030050 (VIOLATED)
_652_/ZN                                0.079850    0.104100   -0.024250 (VIOLATED)



===========================================================================
report_parasitic_annotation -report_unannotated
============================================================================
Found 452 unannotated drivers.
 clk
 comp_in
 cs_n
 mosi
 rst_n
 sclk
 start
 _334_/ZN
 _335_/ZN
 _336_/ZN
 _337_/ZN
 _338_/ZN
 _339_/ZN
 _340_/ZN
 _341_/ZN
 _342_/ZN
 _343_/ZN
 _344_/ZN
 _345_/ZN
 _346_/ZN
 _347_/ZN
 _348_/ZN
 _349_/ZN
 _350_/ZN
 _351_/ZN
 _352_/ZN
 _353_/ZN
 _354_/ZN
 _355_/ZN
 _356_/ZN
 _357_/ZN
 _358_/ZN
 _359_/ZN
 _360_/ZN
 _361_/ZN
 _362_/ZN
 _363_/ZN
 _364_/ZN
 _365_/ZN
 _366_/ZN
 _367_/ZN
 _368_/ZN
 _369_/ZN
 _370_/ZN
 _371_/ZN
 _372_/Z
 _373_/ZN
 _374_/Z
 _375_/Z
 _376_/Z
 _377_/Z
 _378_/Z
 _379_/Z
 _380_/Z
 _381_/Z
 _382_/Z
 _383_/Z
 _384_/Z
 _385_/Z
 _386_/Z
 _387_/Z
 _388_/Z
 _389_/ZN
 _390_/ZN
 _391_/Z
 _392_/ZN
 _393_/ZN
 _394_/ZN
 _395_/Z
 _396_/ZN
 _397_/ZN
 _398_/ZN
 _399_/ZN
 _400_/ZN
 _401_/Z
 _402_/ZN
 _403_/ZN
 _404_/Z
 _405_/ZN
 _406_/ZN
 _407_/Z
 _408_/ZN
 _409_/ZN
 _410_/ZN
 _411_/ZN
 _412_/ZN
 _413_/ZN
 _414_/ZN
 _415_/ZN
 _416_/ZN
 _417_/ZN
 _418_/ZN
 _419_/ZN
 _420_/ZN
 _421_/ZN
 _422_/ZN
 _423_/ZN
 _424_/ZN
 _425_/ZN
 _426_/ZN
 _427_/ZN
 _428_/ZN
 _429_/ZN
 _430_/ZN
 _431_/ZN
 _432_/ZN
 _433_/ZN
 _434_/ZN
 _435_/ZN
 _436_/ZN
 _437_/Z
 _438_/ZN
 _439_/ZN
 _440_/ZN
 _441_/ZN
 _442_/ZN
 _443_/ZN
 _444_/ZN
 _445_/ZN
 _446_/Z
 _447_/ZN
 _448_/ZN
 _449_/ZN
 _450_/ZN
 _451_/ZN
 _452_/ZN
 _453_/ZN
 _454_/ZN
 _455_/Z
 _456_/ZN
 _457_/ZN
 _458_/ZN
 _459_/Z
 _460_/ZN
 _461_/Z
 _462_/ZN
 _463_/ZN
 _464_/ZN
 _465_/Z
 _466_/ZN
 _467_/ZN
 _468_/ZN
 _469_/ZN
 _470_/ZN
 _471_/ZN
 _472_/Z
 _473_/ZN
 _474_/ZN
 _475_/ZN
 _476_/ZN
 _477_/ZN
 _478_/Z
 _479_/ZN
 _480_/ZN
 _481_/ZN
 _482_/ZN
 _483_/ZN
 _484_/ZN
 _485_/ZN
 _486_/ZN
 _487_/ZN
 _488_/ZN
 _489_/ZN
 _490_/ZN
 _491_/ZN
 _492_/ZN
 _493_/ZN
 _494_/ZN
 _495_/ZN
 _496_/ZN
 _497_/ZN
 _498_/ZN
 _499_/ZN
 _500_/ZN
 _501_/ZN
 _502_/Z
 _503_/ZN
 _504_/ZN
 _505_/ZN
 _506_/ZN
 _507_/ZN
 _508_/ZN
 _509_/ZN
 _510_/ZN
 _511_/ZN
 _512_/ZN
 _513_/ZN
 _514_/ZN
 _515_/Z
 _516_/ZN
 _517_/ZN
 _518_/ZN
 _519_/ZN
 _520_/ZN
 _521_/ZN
 _522_/ZN
 _523_/ZN
 _524_/ZN
 _525_/ZN
 _526_/ZN
 _527_/ZN
 _528_/ZN
 _529_/ZN
 _530_/ZN
 _531_/ZN
 _532_/ZN
 _533_/ZN
 _534_/ZN
 _535_/ZN
 _536_/Z
 _537_/ZN
 _538_/ZN
 _539_/ZN
 _540_/ZN
 _541_/ZN
 _542_/Z
 _543_/ZN
 _544_/ZN
 _545_/ZN
 _546_/ZN
 _547_/ZN
 _548_/ZN
 _549_/ZN
 _550_/Z
 _551_/ZN
 _552_/ZN
 _553_/ZN
 _554_/ZN
 _555_/ZN
 _556_/ZN
 _557_/ZN
 _558_/ZN
 _559_/ZN
 _560_/ZN
 _561_/ZN
 _562_/ZN
 _563_/ZN
 _564_/ZN
 _565_/ZN
 _566_/ZN
 _567_/ZN
 _568_/ZN
 _569_/ZN
 _570_/ZN
 _571_/ZN
 _572_/ZN
 _573_/Z
 _574_/ZN
 _575_/Z
 _576_/Z
 _577_/ZN
 _578_/Z
 _579_/ZN
 _580_/ZN
 _581_/Z
 _582_/ZN
 _583_/ZN
 _584_/Z
 _585_/Z
 _586_/ZN
 _587_/Z
 _588_/Z
 _589_/ZN
 _590_/ZN
 _591_/ZN
 _592_/ZN
 _593_/ZN
 _594_/Z
 _595_/ZN
 _596_/Z
 _597_/ZN
 _598_/ZN
 _599_/Z
 _600_/ZN
 _601_/ZN
 _602_/Z
 _603_/ZN
 _604_/Z
 _605_/ZN
 _606_/ZN
 _607_/ZN
 _608_/ZN
 _609_/ZN
 _610_/ZN
 _611_/ZN
 _612_/ZN
 _613_/ZN
 _614_/ZN
 _615_/ZN
 _616_/ZN
 _617_/ZN
 _618_/Z
 _619_/ZN
 _620_/ZN
 _621_/Z
 _622_/ZN
 _623_/ZN
 _624_/ZN
 _625_/ZN
 _626_/Z
 _627_/ZN
 _628_/Z
 _629_/ZN
 _630_/ZN
 _631_/ZN
 _632_/ZN
 _633_/Z
 _634_/ZN
 _635_/ZN
 _636_/Z
 _637_/ZN
 _638_/ZN
 _639_/ZN
 _640_/ZN
 _641_/ZN
 _642_/ZN
 _643_/Z
 _644_/ZN
 _645_/ZN
 _646_/ZN
 _647_/ZN
 _648_/ZN
 _649_/ZN
 _650_/ZN
 _651_/ZN
 _652_/ZN
 _653_/Z
 _654_/Z
 _655_/Z
 _656_/Z
 _657_/Z
 _658_/Z
 _659_/Z
 _660_/Z
 _661_/Z
 _662_/Z
 _663_/Z
 _664_/Z
 _665_/Z
 _666_/Z
 _667_/Z
 _668_/Z
 _669_/Q
 _670_/Q
 _671_/Q
 _672_/Q
 _673_/Q
 _674_/Q
 _675_/Q
 _676_/Q
 _677_/Q
 _678_/Q
 _679_/Q
 _680_/Q
 _681_/Q
 _682_/Q
 _683_/Q
 _684_/Q
 _685_/Q
 _686_/Q
 _687_/Q
 _688_/Q
 _689_/Q
 _690_/Q
 _691_/Q
 _692_/Q
 _693_/Q
 _694_/Q
 _695_/Q
 _696_/Q
 _697_/Q
 _698_/Q
 _699_/Q
 _700_/Q
 _701_/Q
 _702_/Q
 _703_/Q
 _704_/Q
 _705_/Q
 _706_/Q
 _707_/Q
 _708_/Q
 _709_/Q
 _710_/Q
 _711_/Q
 _712_/Q
 _713_/Q
 _714_/Q
 _715_/Q
 _716_/Q
 _717_/Q
 _718_/Q
 _719_/Q
 _720_/Q
 _721_/Q
 _722_/Q
 _723_/Q
 _724_/Q
 _725_/Q
 _726_/Q
 _727_/Q
 _728_/Q
 _729_/Q
 _730_/Q
 _731_/Q
 _732_/Q
 _733_/Q
 _734_/Q
 _735_/Q
 _736_/Q
 _737_/Q
 _738_/Q
 _739_/Q
 _740_/Q
 _741_/Q
 _742_/Q
 _743_/Q
 _744_/Q
 _745_/Q
 _746_/Q
 _747_/Q
 _748_/Q
 _749_/Q
 _750_/Q
 _751_/Q
 _752_/Q
 _753_/Q
 _754_/Q
 _755_/Q
 _756_/Q
 _757_/Q
 _758_/Q
 _759_/Q
 _760_/Q
 _761_/Q
 _762_/Q
 _763_/Q
 _764_/Q
 _765_/Q
 _766_/Q
 _767_/Q
 _768_/Q
 _769_/Q
 _770_/Q
 _771_/Q
 _772_/Q
 _773_/Q
 _774_/Q
 _775_/Q
 _776_/Q
 _777_/Q
 _778_/ZN
Found 0 partially unannotated drivers.

===========================================================================
max slew violation count 175
max fanout violation count 8
max cap violation count 3
============================================================================

===========================================================================
check_setup -verbose -unconstrained_endpoints -multiple_clock -no_clock -no_input_delay -loops -generated_clocks
===========================================================================
Warning: There are 49 unclocked register/latch pins.
  _670_/CLK
  _671_/CLK
  _672_/CLK
  _673_/CLK
  _674_/CLK
  _675_/CLK
  _676_/CLK
  _677_/CLK
  _678_/CLK
  _679_/CLK
  _680_/CLK
  _733_/CLK
  _734_/CLK
  _735_/CLK
  _736_/CLK
  _737_/CLK
  _738_/CLK
  _739_/CLK
  _740_/CLK
  _741_/CLK
  _742_/CLK
  _743_/CLK
  _744_/CLK
  _745_/CLK
  _746_/CLK
  _747_/CLK
  _748_/CLK
  _749_/CLK
  _750_/CLK
  _751_/CLK
  _752_/CLK
  _753_/CLK
  _754_/CLK
  _755_/CLK
  _756_/CLK
  _757_/CLK
  _758_/CLK
  _759_/CLK
  _760_/CLK
  _761_/CLK
  _762_/CLK
  _763_/CLK
  _764_/CLK
  _765_/CLK
  _766_/CLK
  _767_/CLK
  _768_/CLK
  _769_/CLK
  _770_/CLK
Warning: There are 49 unconstrained endpoints.
  _670_/D
  _671_/D
  _672_/D
  _673_/D
  _674_/D
  _675_/D
  _676_/D
  _677_/D
  _678_/D
  _679_/D
  _680_/D
  _733_/D
  _734_/D
  _735_/D
  _736_/D
  _737_/D
  _738_/D
  _739_/D
  _740_/D
  _741_/D
  _742_/D
  _743_/D
  _744_/D
  _745_/D
  _746_/D
  _747_/D
  _748_/D
  _749_/D
  _750_/D
  _751_/D
  _752_/D
  _753_/D
  _754_/D
  _755_/D
  _756_/D
  _757_/D
  _758_/D
  _759_/D
  _760_/D
  _761_/D
  _762_/D
  _763_/D
  _764_/D
  _765_/D
  _766_/D
  _767_/D
  _768_/D
  _769_/D
  _770_/D
